---
source: src/tests.rs
assertion_line: 12
expression: multilog_stats(path)
input_file: src/test-data/btfl_002.bbl

---
- Ok:
    main: 66640
    gnss: 0
    slow: 17
    event: 5
    garbage: 0
    remaining_bytes: 0
    gyro_adc0_histo:
      neg:
        - 0
        - 0
        - 0
        - 0
        - 0
        - 0
        - 0
        - 0
        - 0
        - 0
        - 0
        - 0
        - 0
        - 0
        - 0
        - 0
        - 0
        - 0
        - 0
        - 0
        - 0
        - 0
        - 0
        - 0
        - 1069
        - 2323
        - 4583
        - 7623
        - 6458
        - 4443
        - 3725
        - 2841
      zero: 3154
      pos:
        - 2367
        - 2618
        - 3158
        - 4087
        - 5929
        - 5910
        - 3191
        - 2147
        - 481
        - 533
        - 0
        - 0
        - 0
        - 0
        - 0
        - 0
        - 0
        - 0
        - 0
        - 0
        - 0
        - 0
        - 0
        - 0
        - 0
        - 0
        - 0
        - 0
        - 0
        - 0
        - 0
        - 0

