---
source: src/tests.rs
assertion_line: 12
expression: multilog_stats(path)
input_file: src/test-data/btfl_all.bbl

---
- Ok:
    main: 79133
    gnss: 86
    slow: 411
    event: 107
    garbage: 0
    remaining_bytes: 0
    gyro_adc0_histo:
      neg:
        - 0
        - 0
        - 0
        - 0
        - 0
        - 0
        - 0
        - 0
        - 0
        - 0
        - 0
        - 0
        - 0
        - 0
        - 0
        - 0
        - 0
        - 0
        - 0
        - 0
        - 0
        - 0
        - 381
        - 162
        - 1441
        - 5092
        - 8055
        - 10438
        - 6249
        - 4788
        - 3529
        - 2161
      zero: 2259
      pos:
        - 1914
        - 3118
        - 4285
        - 5562
        - 5612
        - 5954
        - 4957
        - 2373
        - 547
        - 256
        - 0
        - 0
        - 0
        - 0
        - 0
        - 0
        - 0
        - 0
        - 0
        - 0
        - 0
        - 0
        - 0
        - 0
        - 0
        - 0
        - 0
        - 0
        - 0
        - 0
        - 0
        - 0
- Ok:
    main: 78913
    gnss: 84
    slow: 401
    event: 102
    garbage: 0
    remaining_bytes: 0
    gyro_adc0_histo:
      neg:
        - 0
        - 0
        - 0
        - 0
        - 0
        - 0
        - 0
        - 0
        - 0
        - 0
        - 0
        - 0
        - 0
        - 0
        - 0
        - 0
        - 0
        - 0
        - 0
        - 0
        - 0
        - 0
        - 381
        - 162
        - 1441
        - 5091
        - 8052
        - 10435
        - 6248
        - 4784
        - 3472
        - 2129
      zero: 2235
      pos:
        - 1884
        - 3062
        - 4282
        - 5562
        - 5609
        - 5952
        - 4956
        - 2373
        - 547
        - 256
        - 0
        - 0
        - 0
        - 0
        - 0
        - 0
        - 0
        - 0
        - 0
        - 0
        - 0
        - 0
        - 0
        - 0
        - 0
        - 0
        - 0
        - 0
        - 0
        - 0
        - 0
        - 0
- Ok:
    main: 78898
    gnss: 82
    slow: 392
    event: 100
    garbage: 0
    remaining_bytes: 0
    gyro_adc0_histo:
      neg:
        - 0
        - 0
        - 0
        - 0
        - 0
        - 0
        - 0
        - 0
        - 0
        - 0
        - 0
        - 0
        - 0
        - 0
        - 0
        - 0
        - 0
        - 0
        - 0
        - 0
        - 0
        - 0
        - 381
        - 162
        - 1441
        - 5090
        - 8049
        - 10432
        - 6247
        - 4784
        - 3472
        - 2129
      zero: 2235
      pos:
        - 1884
        - 3062
        - 4281
        - 5562
        - 5606
        - 5950
        - 4955
        - 2373
        - 547
        - 256
        - 0
        - 0
        - 0
        - 0
        - 0
        - 0
        - 0
        - 0
        - 0
        - 0
        - 0
        - 0
        - 0
        - 0
        - 0
        - 0
        - 0
        - 0
        - 0
        - 0
        - 0
        - 0
- Ok:
    main: 78883
    gnss: 80
    slow: 383
    event: 98
    garbage: 0
    remaining_bytes: 0
    gyro_adc0_histo:
      neg:
        - 0
        - 0
        - 0
        - 0
        - 0
        - 0
        - 0
        - 0
        - 0
        - 0
        - 0
        - 0
        - 0
        - 0
        - 0
        - 0
        - 0
        - 0
        - 0
        - 0
        - 0
        - 0
        - 381
        - 162
        - 1441
        - 5089
        - 8046
        - 10429
        - 6246
        - 4784
        - 3472
        - 2129
      zero: 2235
      pos:
        - 1884
        - 3062
        - 4281
        - 5562
        - 5603
        - 5947
        - 4954
        - 2373
        - 547
        - 256
        - 0
        - 0
        - 0
        - 0
        - 0
        - 0
        - 0
        - 0
        - 0
        - 0
        - 0
        - 0
        - 0
        - 0
        - 0
        - 0
        - 0
        - 0
        - 0
        - 0
        - 0
        - 0
- Ok:
    main: 6413
    gnss: 78
    slow: 356
    event: 93
    garbage: 0
    remaining_bytes: 0
    gyro_adc0_histo:
      neg:
        - 0
        - 0
        - 0
        - 0
        - 0
        - 0
        - 0
        - 0
        - 0
        - 0
        - 0
        - 0
        - 0
        - 0
        - 0
        - 0
        - 0
        - 0
        - 0
        - 0
        - 0
        - 0
        - 0
        - 0
        - 0
        - 39
        - 119
        - 183
        - 438
        - 660
        - 731
        - 402
      zero: 401
      pos:
        - 365
        - 680
        - 629
        - 450
        - 399
        - 867
        - 50
        - 0
        - 0
        - 0
        - 0
        - 0
        - 0
        - 0
        - 0
        - 0
        - 0
        - 0
        - 0
        - 0
        - 0
        - 0
        - 0
        - 0
        - 0
        - 0
        - 0
        - 0
        - 0
        - 0
        - 0
        - 0
- Ok:
    main: 6398
    gnss: 76
    slow: 347
    event: 91
    garbage: 0
    remaining_bytes: 0
    gyro_adc0_histo:
      neg:
        - 0
        - 0
        - 0
        - 0
        - 0
        - 0
        - 0
        - 0
        - 0
        - 0
        - 0
        - 0
        - 0
        - 0
        - 0
        - 0
        - 0
        - 0
        - 0
        - 0
        - 0
        - 0
        - 0
        - 0
        - 0
        - 38
        - 116
        - 180
        - 437
        - 660
        - 731
        - 402
      zero: 401
      pos:
        - 365
        - 680
        - 628
        - 450
        - 396
        - 865
        - 49
        - 0
        - 0
        - 0
        - 0
        - 0
        - 0
        - 0
        - 0
        - 0
        - 0
        - 0
        - 0
        - 0
        - 0
        - 0
        - 0
        - 0
        - 0
        - 0
        - 0
        - 0
        - 0
        - 0
        - 0
        - 0
- Ok:
    main: 6383
    gnss: 74
    slow: 338
    event: 89
    garbage: 0
    remaining_bytes: 0
    gyro_adc0_histo:
      neg:
        - 0
        - 0
        - 0
        - 0
        - 0
        - 0
        - 0
        - 0
        - 0
        - 0
        - 0
        - 0
        - 0
        - 0
        - 0
        - 0
        - 0
        - 0
        - 0
        - 0
        - 0
        - 0
        - 0
        - 0
        - 0
        - 37
        - 113
        - 177
        - 436
        - 660
        - 731
        - 402
      zero: 401
      pos:
        - 365
        - 680
        - 627
        - 450
        - 393
        - 863
        - 48
        - 0
        - 0
        - 0
        - 0
        - 0
        - 0
        - 0
        - 0
        - 0
        - 0
        - 0
        - 0
        - 0
        - 0
        - 0
        - 0
        - 0
        - 0
        - 0
        - 0
        - 0
        - 0
        - 0
        - 0
        - 0
- Ok:
    main: 6368
    gnss: 72
    slow: 329
    event: 87
    garbage: 0
    remaining_bytes: 0
    gyro_adc0_histo:
      neg:
        - 0
        - 0
        - 0
        - 0
        - 0
        - 0
        - 0
        - 0
        - 0
        - 0
        - 0
        - 0
        - 0
        - 0
        - 0
        - 0
        - 0
        - 0
        - 0
        - 0
        - 0
        - 0
        - 0
        - 0
        - 0
        - 36
        - 110
        - 174
        - 435
        - 660
        - 731
        - 402
      zero: 401
      pos:
        - 365
        - 680
        - 626
        - 450
        - 390
        - 861
        - 47
        - 0
        - 0
        - 0
        - 0
        - 0
        - 0
        - 0
        - 0
        - 0
        - 0
        - 0
        - 0
        - 0
        - 0
        - 0
        - 0
        - 0
        - 0
        - 0
        - 0
        - 0
        - 0
        - 0
        - 0
        - 0
- Ok:
    main: 6353
    gnss: 70
    slow: 320
    event: 85
    garbage: 0
    remaining_bytes: 0
    gyro_adc0_histo:
      neg:
        - 0
        - 0
        - 0
        - 0
        - 0
        - 0
        - 0
        - 0
        - 0
        - 0
        - 0
        - 0
        - 0
        - 0
        - 0
        - 0
        - 0
        - 0
        - 0
        - 0
        - 0
        - 0
        - 0
        - 0
        - 0
        - 35
        - 107
        - 171
        - 434
        - 660
        - 731
        - 402
      zero: 401
      pos:
        - 365
        - 680
        - 625
        - 450
        - 387
        - 859
        - 46
        - 0
        - 0
        - 0
        - 0
        - 0
        - 0
        - 0
        - 0
        - 0
        - 0
        - 0
        - 0
        - 0
        - 0
        - 0
        - 0
        - 0
        - 0
        - 0
        - 0
        - 0
        - 0
        - 0
        - 0
        - 0
- Ok:
    main: 6338
    gnss: 68
    slow: 311
    event: 83
    garbage: 0
    remaining_bytes: 0
    gyro_adc0_histo:
      neg:
        - 0
        - 0
        - 0
        - 0
        - 0
        - 0
        - 0
        - 0
        - 0
        - 0
        - 0
        - 0
        - 0
        - 0
        - 0
        - 0
        - 0
        - 0
        - 0
        - 0
        - 0
        - 0
        - 0
        - 0
        - 0
        - 34
        - 104
        - 168
        - 433
        - 660
        - 731
        - 402
      zero: 401
      pos:
        - 365
        - 680
        - 624
        - 450
        - 384
        - 857
        - 45
        - 0
        - 0
        - 0
        - 0
        - 0
        - 0
        - 0
        - 0
        - 0
        - 0
        - 0
        - 0
        - 0
        - 0
        - 0
        - 0
        - 0
        - 0
        - 0
        - 0
        - 0
        - 0
        - 0
        - 0
        - 0
- Ok:
    main: 6323
    gnss: 66
    slow: 302
    event: 81
    garbage: 0
    remaining_bytes: 0
    gyro_adc0_histo:
      neg:
        - 0
        - 0
        - 0
        - 0
        - 0
        - 0
        - 0
        - 0
        - 0
        - 0
        - 0
        - 0
        - 0
        - 0
        - 0
        - 0
        - 0
        - 0
        - 0
        - 0
        - 0
        - 0
        - 0
        - 0
        - 0
        - 33
        - 101
        - 165
        - 432
        - 660
        - 731
        - 402
      zero: 401
      pos:
        - 365
        - 680
        - 623
        - 450
        - 381
        - 855
        - 44
        - 0
        - 0
        - 0
        - 0
        - 0
        - 0
        - 0
        - 0
        - 0
        - 0
        - 0
        - 0
        - 0
        - 0
        - 0
        - 0
        - 0
        - 0
        - 0
        - 0
        - 0
        - 0
        - 0
        - 0
        - 0
- Ok:
    main: 6308
    gnss: 64
    slow: 293
    event: 79
    garbage: 0
    remaining_bytes: 0
    gyro_adc0_histo:
      neg:
        - 0
        - 0
        - 0
        - 0
        - 0
        - 0
        - 0
        - 0
        - 0
        - 0
        - 0
        - 0
        - 0
        - 0
        - 0
        - 0
        - 0
        - 0
        - 0
        - 0
        - 0
        - 0
        - 0
        - 0
        - 0
        - 32
        - 98
        - 162
        - 431
        - 660
        - 731
        - 402
      zero: 401
      pos:
        - 365
        - 680
        - 623
        - 450
        - 378
        - 852
        - 43
        - 0
        - 0
        - 0
        - 0
        - 0
        - 0
        - 0
        - 0
        - 0
        - 0
        - 0
        - 0
        - 0
        - 0
        - 0
        - 0
        - 0
        - 0
        - 0
        - 0
        - 0
        - 0
        - 0
        - 0
        - 0
- Ok:
    main: 3435
    gnss: 62
    slow: 283
    event: 74
    garbage: 0
    remaining_bytes: 0
    gyro_adc0_histo:
      neg:
        - 0
        - 0
        - 0
        - 0
        - 0
        - 0
        - 0
        - 0
        - 0
        - 0
        - 0
        - 0
        - 0
        - 0
        - 0
        - 0
        - 0
        - 0
        - 0
        - 0
        - 0
        - 0
        - 0
        - 0
        - 0
        - 31
        - 95
        - 143
        - 275
        - 452
        - 457
        - 226
      zero: 215
      pos:
        - 217
        - 449
        - 432
        - 210
        - 135
        - 67
        - 31
        - 0
        - 0
        - 0
        - 0
        - 0
        - 0
        - 0
        - 0
        - 0
        - 0
        - 0
        - 0
        - 0
        - 0
        - 0
        - 0
        - 0
        - 0
        - 0
        - 0
        - 0
        - 0
        - 0
        - 0
        - 0
- Ok:
    main: 3420
    gnss: 60
    slow: 274
    event: 72
    garbage: 0
    remaining_bytes: 0
    gyro_adc0_histo:
      neg:
        - 0
        - 0
        - 0
        - 0
        - 0
        - 0
        - 0
        - 0
        - 0
        - 0
        - 0
        - 0
        - 0
        - 0
        - 0
        - 0
        - 0
        - 0
        - 0
        - 0
        - 0
        - 0
        - 0
        - 0
        - 0
        - 30
        - 92
        - 140
        - 274
        - 452
        - 457
        - 226
      zero: 215
      pos:
        - 217
        - 449
        - 431
        - 210
        - 132
        - 65
        - 30
        - 0
        - 0
        - 0
        - 0
        - 0
        - 0
        - 0
        - 0
        - 0
        - 0
        - 0
        - 0
        - 0
        - 0
        - 0
        - 0
        - 0
        - 0
        - 0
        - 0
        - 0
        - 0
        - 0
        - 0
        - 0
- Ok:
    main: 3405
    gnss: 58
    slow: 265
    event: 70
    garbage: 0
    remaining_bytes: 0
    gyro_adc0_histo:
      neg:
        - 0
        - 0
        - 0
        - 0
        - 0
        - 0
        - 0
        - 0
        - 0
        - 0
        - 0
        - 0
        - 0
        - 0
        - 0
        - 0
        - 0
        - 0
        - 0
        - 0
        - 0
        - 0
        - 0
        - 0
        - 0
        - 29
        - 89
        - 137
        - 273
        - 452
        - 457
        - 226
      zero: 215
      pos:
        - 217
        - 449
        - 430
        - 210
        - 129
        - 63
        - 29
        - 0
        - 0
        - 0
        - 0
        - 0
        - 0
        - 0
        - 0
        - 0
        - 0
        - 0
        - 0
        - 0
        - 0
        - 0
        - 0
        - 0
        - 0
        - 0
        - 0
        - 0
        - 0
        - 0
        - 0
        - 0
- Ok:
    main: 3390
    gnss: 56
    slow: 256
    event: 68
    garbage: 0
    remaining_bytes: 0
    gyro_adc0_histo:
      neg:
        - 0
        - 0
        - 0
        - 0
        - 0
        - 0
        - 0
        - 0
        - 0
        - 0
        - 0
        - 0
        - 0
        - 0
        - 0
        - 0
        - 0
        - 0
        - 0
        - 0
        - 0
        - 0
        - 0
        - 0
        - 0
        - 28
        - 86
        - 134
        - 272
        - 452
        - 457
        - 226
      zero: 215
      pos:
        - 217
        - 449
        - 430
        - 210
        - 126
        - 60
        - 28
        - 0
        - 0
        - 0
        - 0
        - 0
        - 0
        - 0
        - 0
        - 0
        - 0
        - 0
        - 0
        - 0
        - 0
        - 0
        - 0
        - 0
        - 0
        - 0
        - 0
        - 0
        - 0
        - 0
        - 0
        - 0
- Ok:
    main: 2491
    gnss: 54
    slow: 246
    event: 63
    garbage: 0
    remaining_bytes: 0
    gyro_adc0_histo:
      neg:
        - 0
        - 0
        - 0
        - 0
        - 0
        - 0
        - 0
        - 0
        - 0
        - 0
        - 0
        - 0
        - 0
        - 0
        - 0
        - 0
        - 0
        - 0
        - 0
        - 0
        - 0
        - 0
        - 0
        - 0
        - 0
        - 27
        - 83
        - 131
        - 271
        - 387
        - 222
        - 116
      zero: 121
      pos:
        - 116
        - 221
        - 378
        - 210
        - 123
        - 58
        - 27
        - 0
        - 0
        - 0
        - 0
        - 0
        - 0
        - 0
        - 0
        - 0
        - 0
        - 0
        - 0
        - 0
        - 0
        - 0
        - 0
        - 0
        - 0
        - 0
        - 0
        - 0
        - 0
        - 0
        - 0
        - 0
- Ok:
    main: 2476
    gnss: 52
    slow: 237
    event: 61
    garbage: 0
    remaining_bytes: 0
    gyro_adc0_histo:
      neg:
        - 0
        - 0
        - 0
        - 0
        - 0
        - 0
        - 0
        - 0
        - 0
        - 0
        - 0
        - 0
        - 0
        - 0
        - 0
        - 0
        - 0
        - 0
        - 0
        - 0
        - 0
        - 0
        - 0
        - 0
        - 0
        - 26
        - 80
        - 128
        - 270
        - 387
        - 222
        - 116
      zero: 121
      pos:
        - 116
        - 221
        - 377
        - 210
        - 120
        - 56
        - 26
        - 0
        - 0
        - 0
        - 0
        - 0
        - 0
        - 0
        - 0
        - 0
        - 0
        - 0
        - 0
        - 0
        - 0
        - 0
        - 0
        - 0
        - 0
        - 0
        - 0
        - 0
        - 0
        - 0
        - 0
        - 0
- Ok:
    main: 2461
    gnss: 50
    slow: 228
    event: 59
    garbage: 0
    remaining_bytes: 0
    gyro_adc0_histo:
      neg:
        - 0
        - 0
        - 0
        - 0
        - 0
        - 0
        - 0
        - 0
        - 0
        - 0
        - 0
        - 0
        - 0
        - 0
        - 0
        - 0
        - 0
        - 0
        - 0
        - 0
        - 0
        - 0
        - 0
        - 0
        - 0
        - 25
        - 77
        - 125
        - 269
        - 387
        - 222
        - 116
      zero: 121
      pos:
        - 116
        - 221
        - 376
        - 210
        - 117
        - 54
        - 25
        - 0
        - 0
        - 0
        - 0
        - 0
        - 0
        - 0
        - 0
        - 0
        - 0
        - 0
        - 0
        - 0
        - 0
        - 0
        - 0
        - 0
        - 0
        - 0
        - 0
        - 0
        - 0
        - 0
        - 0
        - 0
- Ok:
    main: 2446
    gnss: 48
    slow: 219
    event: 57
    garbage: 0
    remaining_bytes: 0
    gyro_adc0_histo:
      neg:
        - 0
        - 0
        - 0
        - 0
        - 0
        - 0
        - 0
        - 0
        - 0
        - 0
        - 0
        - 0
        - 0
        - 0
        - 0
        - 0
        - 0
        - 0
        - 0
        - 0
        - 0
        - 0
        - 0
        - 0
        - 0
        - 24
        - 74
        - 122
        - 268
        - 387
        - 222
        - 116
      zero: 121
      pos:
        - 116
        - 221
        - 375
        - 210
        - 114
        - 52
        - 24
        - 0
        - 0
        - 0
        - 0
        - 0
        - 0
        - 0
        - 0
        - 0
        - 0
        - 0
        - 0
        - 0
        - 0
        - 0
        - 0
        - 0
        - 0
        - 0
        - 0
        - 0
        - 0
        - 0
        - 0
        - 0
- Ok:
    main: 2431
    gnss: 46
    slow: 210
    event: 55
    garbage: 0
    remaining_bytes: 0
    gyro_adc0_histo:
      neg:
        - 0
        - 0
        - 0
        - 0
        - 0
        - 0
        - 0
        - 0
        - 0
        - 0
        - 0
        - 0
        - 0
        - 0
        - 0
        - 0
        - 0
        - 0
        - 0
        - 0
        - 0
        - 0
        - 0
        - 0
        - 0
        - 23
        - 71
        - 119
        - 267
        - 387
        - 222
        - 116
      zero: 121
      pos:
        - 116
        - 221
        - 374
        - 210
        - 111
        - 50
        - 23
        - 0
        - 0
        - 0
        - 0
        - 0
        - 0
        - 0
        - 0
        - 0
        - 0
        - 0
        - 0
        - 0
        - 0
        - 0
        - 0
        - 0
        - 0
        - 0
        - 0
        - 0
        - 0
        - 0
        - 0
        - 0
- Ok:
    main: 2416
    gnss: 44
    slow: 201
    event: 53
    garbage: 0
    remaining_bytes: 0
    gyro_adc0_histo:
      neg:
        - 0
        - 0
        - 0
        - 0
        - 0
        - 0
        - 0
        - 0
        - 0
        - 0
        - 0
        - 0
        - 0
        - 0
        - 0
        - 0
        - 0
        - 0
        - 0
        - 0
        - 0
        - 0
        - 0
        - 0
        - 0
        - 22
        - 68
        - 116
        - 266
        - 387
        - 222
        - 116
      zero: 121
      pos:
        - 116
        - 221
        - 373
        - 210
        - 108
        - 48
        - 22
        - 0
        - 0
        - 0
        - 0
        - 0
        - 0
        - 0
        - 0
        - 0
        - 0
        - 0
        - 0
        - 0
        - 0
        - 0
        - 0
        - 0
        - 0
        - 0
        - 0
        - 0
        - 0
        - 0
        - 0
        - 0
- Ok:
    main: 2401
    gnss: 42
    slow: 192
    event: 51
    garbage: 0
    remaining_bytes: 0
    gyro_adc0_histo:
      neg:
        - 0
        - 0
        - 0
        - 0
        - 0
        - 0
        - 0
        - 0
        - 0
        - 0
        - 0
        - 0
        - 0
        - 0
        - 0
        - 0
        - 0
        - 0
        - 0
        - 0
        - 0
        - 0
        - 0
        - 0
        - 0
        - 21
        - 65
        - 113
        - 265
        - 387
        - 222
        - 116
      zero: 121
      pos:
        - 116
        - 221
        - 372
        - 210
        - 105
        - 46
        - 21
        - 0
        - 0
        - 0
        - 0
        - 0
        - 0
        - 0
        - 0
        - 0
        - 0
        - 0
        - 0
        - 0
        - 0
        - 0
        - 0
        - 0
        - 0
        - 0
        - 0
        - 0
        - 0
        - 0
        - 0
        - 0
- Ok:
    main: 2386
    gnss: 40
    slow: 183
    event: 49
    garbage: 0
    remaining_bytes: 0
    gyro_adc0_histo:
      neg:
        - 0
        - 0
        - 0
        - 0
        - 0
        - 0
        - 0
        - 0
        - 0
        - 0
        - 0
        - 0
        - 0
        - 0
        - 0
        - 0
        - 0
        - 0
        - 0
        - 0
        - 0
        - 0
        - 0
        - 0
        - 0
        - 20
        - 62
        - 110
        - 264
        - 387
        - 222
        - 116
      zero: 121
      pos:
        - 116
        - 221
        - 371
        - 210
        - 102
        - 44
        - 20
        - 0
        - 0
        - 0
        - 0
        - 0
        - 0
        - 0
        - 0
        - 0
        - 0
        - 0
        - 0
        - 0
        - 0
        - 0
        - 0
        - 0
        - 0
        - 0
        - 0
        - 0
        - 0
        - 0
        - 0
        - 0
- Ok:
    main: 2371
    gnss: 38
    slow: 174
    event: 47
    garbage: 0
    remaining_bytes: 0
    gyro_adc0_histo:
      neg:
        - 0
        - 0
        - 0
        - 0
        - 0
        - 0
        - 0
        - 0
        - 0
        - 0
        - 0
        - 0
        - 0
        - 0
        - 0
        - 0
        - 0
        - 0
        - 0
        - 0
        - 0
        - 0
        - 0
        - 0
        - 0
        - 19
        - 59
        - 107
        - 263
        - 387
        - 222
        - 116
      zero: 121
      pos:
        - 116
        - 221
        - 370
        - 210
        - 99
        - 42
        - 19
        - 0
        - 0
        - 0
        - 0
        - 0
        - 0
        - 0
        - 0
        - 0
        - 0
        - 0
        - 0
        - 0
        - 0
        - 0
        - 0
        - 0
        - 0
        - 0
        - 0
        - 0
        - 0
        - 0
        - 0
        - 0
- Ok:
    main: 2356
    gnss: 36
    slow: 165
    event: 45
    garbage: 0
    remaining_bytes: 0
    gyro_adc0_histo:
      neg:
        - 0
        - 0
        - 0
        - 0
        - 0
        - 0
        - 0
        - 0
        - 0
        - 0
        - 0
        - 0
        - 0
        - 0
        - 0
        - 0
        - 0
        - 0
        - 0
        - 0
        - 0
        - 0
        - 0
        - 0
        - 0
        - 18
        - 56
        - 104
        - 262
        - 387
        - 222
        - 116
      zero: 121
      pos:
        - 116
        - 221
        - 369
        - 210
        - 96
        - 40
        - 18
        - 0
        - 0
        - 0
        - 0
        - 0
        - 0
        - 0
        - 0
        - 0
        - 0
        - 0
        - 0
        - 0
        - 0
        - 0
        - 0
        - 0
        - 0
        - 0
        - 0
        - 0
        - 0
        - 0
        - 0
        - 0
- Ok:
    main: 2341
    gnss: 34
    slow: 156
    event: 43
    garbage: 0
    remaining_bytes: 0
    gyro_adc0_histo:
      neg:
        - 0
        - 0
        - 0
        - 0
        - 0
        - 0
        - 0
        - 0
        - 0
        - 0
        - 0
        - 0
        - 0
        - 0
        - 0
        - 0
        - 0
        - 0
        - 0
        - 0
        - 0
        - 0
        - 0
        - 0
        - 0
        - 17
        - 53
        - 101
        - 261
        - 387
        - 222
        - 116
      zero: 121
      pos:
        - 116
        - 221
        - 368
        - 210
        - 93
        - 38
        - 17
        - 0
        - 0
        - 0
        - 0
        - 0
        - 0
        - 0
        - 0
        - 0
        - 0
        - 0
        - 0
        - 0
        - 0
        - 0
        - 0
        - 0
        - 0
        - 0
        - 0
        - 0
        - 0
        - 0
        - 0
        - 0
- Ok:
    main: 2326
    gnss: 32
    slow: 147
    event: 41
    garbage: 0
    remaining_bytes: 0
    gyro_adc0_histo:
      neg:
        - 0
        - 0
        - 0
        - 0
        - 0
        - 0
        - 0
        - 0
        - 0
        - 0
        - 0
        - 0
        - 0
        - 0
        - 0
        - 0
        - 0
        - 0
        - 0
        - 0
        - 0
        - 0
        - 0
        - 0
        - 0
        - 16
        - 50
        - 98
        - 260
        - 387
        - 222
        - 116
      zero: 121
      pos:
        - 116
        - 221
        - 368
        - 210
        - 90
        - 35
        - 16
        - 0
        - 0
        - 0
        - 0
        - 0
        - 0
        - 0
        - 0
        - 0
        - 0
        - 0
        - 0
        - 0
        - 0
        - 0
        - 0
        - 0
        - 0
        - 0
        - 0
        - 0
        - 0
        - 0
        - 0
        - 0
- Ok:
    main: 1617
    gnss: 30
    slow: 137
    event: 36
    garbage: 0
    remaining_bytes: 0
    gyro_adc0_histo:
      neg:
        - 0
        - 0
        - 0
        - 0
        - 0
        - 0
        - 0
        - 0
        - 0
        - 0
        - 0
        - 0
        - 0
        - 0
        - 0
        - 0
        - 0
        - 0
        - 0
        - 0
        - 0
        - 0
        - 0
        - 0
        - 0
        - 15
        - 45
        - 46
        - 132
        - 292
        - 175
        - 84
      zero: 87
      pos:
        - 95
        - 168
        - 280
        - 104
        - 46
        - 33
        - 15
        - 0
        - 0
        - 0
        - 0
        - 0
        - 0
        - 0
        - 0
        - 0
        - 0
        - 0
        - 0
        - 0
        - 0
        - 0
        - 0
        - 0
        - 0
        - 0
        - 0
        - 0
        - 0
        - 0
        - 0
        - 0
- Ok:
    main: 1602
    gnss: 28
    slow: 128
    event: 34
    garbage: 0
    remaining_bytes: 0
    gyro_adc0_histo:
      neg:
        - 0
        - 0
        - 0
        - 0
        - 0
        - 0
        - 0
        - 0
        - 0
        - 0
        - 0
        - 0
        - 0
        - 0
        - 0
        - 0
        - 0
        - 0
        - 0
        - 0
        - 0
        - 0
        - 0
        - 0
        - 0
        - 14
        - 42
        - 43
        - 131
        - 292
        - 175
        - 84
      zero: 87
      pos:
        - 95
        - 168
        - 279
        - 104
        - 43
        - 31
        - 14
        - 0
        - 0
        - 0
        - 0
        - 0
        - 0
        - 0
        - 0
        - 0
        - 0
        - 0
        - 0
        - 0
        - 0
        - 0
        - 0
        - 0
        - 0
        - 0
        - 0
        - 0
        - 0
        - 0
        - 0
        - 0
- Ok:
    main: 1587
    gnss: 26
    slow: 119
    event: 32
    garbage: 0
    remaining_bytes: 0
    gyro_adc0_histo:
      neg:
        - 0
        - 0
        - 0
        - 0
        - 0
        - 0
        - 0
        - 0
        - 0
        - 0
        - 0
        - 0
        - 0
        - 0
        - 0
        - 0
        - 0
        - 0
        - 0
        - 0
        - 0
        - 0
        - 0
        - 0
        - 0
        - 13
        - 39
        - 40
        - 130
        - 292
        - 175
        - 84
      zero: 87
      pos:
        - 95
        - 168
        - 278
        - 104
        - 40
        - 29
        - 13
        - 0
        - 0
        - 0
        - 0
        - 0
        - 0
        - 0
        - 0
        - 0
        - 0
        - 0
        - 0
        - 0
        - 0
        - 0
        - 0
        - 0
        - 0
        - 0
        - 0
        - 0
        - 0
        - 0
        - 0
        - 0
- Ok:
    main: 1572
    gnss: 24
    slow: 110
    event: 30
    garbage: 0
    remaining_bytes: 0
    gyro_adc0_histo:
      neg:
        - 0
        - 0
        - 0
        - 0
        - 0
        - 0
        - 0
        - 0
        - 0
        - 0
        - 0
        - 0
        - 0
        - 0
        - 0
        - 0
        - 0
        - 0
        - 0
        - 0
        - 0
        - 0
        - 0
        - 0
        - 0
        - 12
        - 36
        - 37
        - 129
        - 292
        - 175
        - 84
      zero: 87
      pos:
        - 95
        - 168
        - 277
        - 104
        - 37
        - 27
        - 12
        - 0
        - 0
        - 0
        - 0
        - 0
        - 0
        - 0
        - 0
        - 0
        - 0
        - 0
        - 0
        - 0
        - 0
        - 0
        - 0
        - 0
        - 0
        - 0
        - 0
        - 0
        - 0
        - 0
        - 0
        - 0
- Ok:
    main: 1557
    gnss: 22
    slow: 101
    event: 28
    garbage: 0
    remaining_bytes: 0
    gyro_adc0_histo:
      neg:
        - 0
        - 0
        - 0
        - 0
        - 0
        - 0
        - 0
        - 0
        - 0
        - 0
        - 0
        - 0
        - 0
        - 0
        - 0
        - 0
        - 0
        - 0
        - 0
        - 0
        - 0
        - 0
        - 0
        - 0
        - 0
        - 11
        - 33
        - 34
        - 128
        - 292
        - 175
        - 84
      zero: 87
      pos:
        - 95
        - 168
        - 277
        - 104
        - 34
        - 24
        - 11
        - 0
        - 0
        - 0
        - 0
        - 0
        - 0
        - 0
        - 0
        - 0
        - 0
        - 0
        - 0
        - 0
        - 0
        - 0
        - 0
        - 0
        - 0
        - 0
        - 0
        - 0
        - 0
        - 0
        - 0
        - 0
- Ok:
    main: 804
    gnss: 20
    slow: 91
    event: 23
    garbage: 0
    remaining_bytes: 0
    gyro_adc0_histo:
      neg:
        - 0
        - 0
        - 0
        - 0
        - 0
        - 0
        - 0
        - 0
        - 0
        - 0
        - 0
        - 0
        - 0
        - 0
        - 0
        - 0
        - 0
        - 0
        - 0
        - 0
        - 0
        - 0
        - 0
        - 0
        - 0
        - 10
        - 30
        - 31
        - 117
        - 90
        - 81
        - 43
      zero: 50
      pos:
        - 39
        - 79
        - 91
        - 80
        - 31
        - 22
        - 10
        - 0
        - 0
        - 0
        - 0
        - 0
        - 0
        - 0
        - 0
        - 0
        - 0
        - 0
        - 0
        - 0
        - 0
        - 0
        - 0
        - 0
        - 0
        - 0
        - 0
        - 0
        - 0
        - 0
        - 0
        - 0
- Ok:
    main: 789
    gnss: 18
    slow: 82
    event: 21
    garbage: 0
    remaining_bytes: 0
    gyro_adc0_histo:
      neg:
        - 0
        - 0
        - 0
        - 0
        - 0
        - 0
        - 0
        - 0
        - 0
        - 0
        - 0
        - 0
        - 0
        - 0
        - 0
        - 0
        - 0
        - 0
        - 0
        - 0
        - 0
        - 0
        - 0
        - 0
        - 0
        - 9
        - 27
        - 28
        - 116
        - 90
        - 81
        - 43
      zero: 50
      pos:
        - 39
        - 79
        - 91
        - 80
        - 28
        - 19
        - 9
        - 0
        - 0
        - 0
        - 0
        - 0
        - 0
        - 0
        - 0
        - 0
        - 0
        - 0
        - 0
        - 0
        - 0
        - 0
        - 0
        - 0
        - 0
        - 0
        - 0
        - 0
        - 0
        - 0
        - 0
        - 0
- Err: Incomplete
- Err: Incomplete
- Err: Incomplete
- Err: Incomplete
- Err: Incomplete
- Err: Incomplete
- Err: Incomplete
- Err: Incomplete
- Err: Incomplete

