---
source: src/tests.rs
assertion_line: 12
expression: multilog_stats(path)
input_file: src/test-data/LOG00004.TXT

---
- Ok:
    main: 199844
    gnss: 4135
    slow: 669
    event: 25
    garbage: 0
    remaining_bytes: 2031340
    gyro_adc0_histo:
      neg:
        - 0
        - 0
        - 0
        - 0
        - 0
        - 0
        - 0
        - 0
        - 0
        - 0
        - 0
        - 0
        - 0
        - 0
        - 0
        - 0
        - 0
        - 0
        - 0
        - 0
        - 0
        - 0
        - 0
        - 670
        - 646
        - 1058
        - 9610
        - 26138
        - 26288
        - 16260
        - 8658
        - 4951
      zero: 5935
      pos:
        - 5252
        - 8908
        - 17085
        - 27330
        - 27505
        - 10694
        - 785
        - 1544
        - 527
        - 0
        - 0
        - 0
        - 0
        - 0
        - 0
        - 0
        - 0
        - 0
        - 0
        - 0
        - 0
        - 0
        - 0
        - 0
        - 0
        - 0
        - 0
        - 0
        - 0
        - 0
        - 0
        - 0

