---
source: src/tests.rs
assertion_line: 12
expression: multilog_stats(path)
input_file: src/test-data/LOG00007.BFL

---
- Ok:
    main: 294449
    gnss: 0
    slow: 36
    event: 0
    garbage: 0
    remaining_bytes: 450561
    gyro_adc0_histo:
      neg:
        - 0
        - 0
        - 0
        - 0
        - 0
        - 0
        - 0
        - 0
        - 0
        - 0
        - 0
        - 0
        - 0
        - 0
        - 0
        - 0
        - 0
        - 0
        - 0
        - 0
        - 0
        - 0
        - 0
        - 5
        - 17
        - 85
        - 5646
        - 22257
        - 35136
        - 31026
        - 23760
        - 17205
      zero: 51266
      pos:
        - 25883
        - 27591
        - 20303
        - 18029
        - 10518
        - 5206
        - 516
        - 0
        - 0
        - 0
        - 0
        - 0
        - 0
        - 0
        - 0
        - 0
        - 0
        - 0
        - 0
        - 0
        - 0
        - 0
        - 0
        - 0
        - 0
        - 0
        - 0
        - 0
        - 0
        - 0
        - 0
        - 0

