---
source: src/tests.rs
assertion_line: 12
expression: multilog_stats(path)
input_file: src/test-data/crashing-LOG00002.BFL

---
- Ok:
    main: 171816
    gnss: 0
    slow: 11
    event: 1
    garbage: 0
    remaining_bytes: 0
    gyro_adc0_histo:
      neg:
        - 0
        - 0
        - 0
        - 0
        - 0
        - 0
        - 0
        - 0
        - 0
        - 0
        - 0
        - 0
        - 0
        - 0
        - 0
        - 0
        - 0
        - 0
        - 0
        - 0
        - 0
        - 0
        - 0
        - 0
        - 377
        - 1846
        - 2561
        - 7218
        - 10991
        - 12379
        - 13641
        - 11604
      zero: 48815
      pos:
        - 10008
        - 14642
        - 14178
        - 9583
        - 7292
        - 2685
        - 2083
        - 1544
        - 270
        - 99
        - 0
        - 0
        - 0
        - 0
        - 0
        - 0
        - 0
        - 0
        - 0
        - 0
        - 0
        - 0
        - 0
        - 0
        - 0
        - 0
        - 0
        - 0
        - 0
        - 0
        - 0
        - 0

