---
source: src/tests.rs
assertion_line: 12
expression: stats(path)
input_file: src/test-data/LOG00007.BFL

---
main: 296815
gnss: 229
slow: 1408
event: 54
garbage: 0
remaining_bytes: 0
gyro_adc0_histo:
  neg:
    - 98
    - 30
    - 89
    - 1
    - 17
    - 18
    - 110
    - 60
    - 35
    - 51
    - 17
    - 10
    - 45
    - 62
    - 50
    - 16
    - 34
    - 33
    - 7
    - 29
    - 15
    - 5
    - 6
    - 17
    - 27
    - 95
    - 5660
    - 22265
    - 35163
    - 31113
    - 23718
    - 17144
  zero: 51301
  pos:
    - 25808
    - 27580
    - 20384
    - 18068
    - 10567
    - 5236
    - 538
    - 5
    - 8
    - 2
    - 3
    - 16
    - 19
    - 16
    - 28
    - 18
    - 13
    - 15
    - 81
    - 31
    - 18
    - 16
    - 13
    - 62
    - 156
    - 114
    - 244
    - 121
    - 32
    - 224
    - 38
    - 0

