---
source: src/tests.rs
assertion_line: 12
expression: multilog_stats(path)
input_file: src/test-data/LOG00002.BFL

---
- Ok:
    main: 220312
    gnss: 0
    slow: 27
    event: 0
    garbage: 0
    remaining_bytes: 483290
    gyro_adc0_histo:
      neg:
        - 0
        - 0
        - 0
        - 0
        - 0
        - 0
        - 0
        - 0
        - 0
        - 0
        - 0
        - 0
        - 0
        - 0
        - 0
        - 0
        - 0
        - 0
        - 0
        - 0
        - 0
        - 0
        - 0
        - 0
        - 12
        - 1470
        - 4566
        - 11779
        - 25396
        - 21084
        - 16226
        - 12220
      zero: 29602
      pos:
        - 16133
        - 21385
        - 25328
        - 20812
        - 10808
        - 2861
        - 625
        - 5
        - 0
        - 0
        - 0
        - 0
        - 0
        - 0
        - 0
        - 0
        - 0
        - 0
        - 0
        - 0
        - 0
        - 0
        - 0
        - 0
        - 0
        - 0
        - 0
        - 0
        - 0
        - 0
        - 0
        - 0

