---
source: src/tests.rs
assertion_line: 12
expression: stats(path)
input_file: src/test-data/crashing-LOG00002.BFL

---
main: 171816
gnss: 0
slow: 11
event: 1
garbage: 0
remaining_bytes: 0
gyro_adc0_histo:
  neg:
    - 0
    - 0
    - 0
    - 0
    - 0
    - 0
    - 0
    - 0
    - 0
    - 0
    - 0
    - 0
    - 0
    - 0
    - 0
    - 0
    - 0
    - 0
    - 0
    - 0
    - 0
    - 0
    - 0
    - 0
    - 377
    - 1846
    - 2560
    - 7217
    - 11010
    - 12804
    - 13771
    - 11312
  zero: 48499
  pos:
    - 9752
    - 14724
    - 14365
    - 9602
    - 7293
    - 2688
    - 2083
    - 1544
    - 270
    - 99
    - 0
    - 0
    - 0
    - 0
    - 0
    - 0
    - 0
    - 0
    - 0
    - 0
    - 0
    - 0
    - 0
    - 0
    - 0
    - 0
    - 0
    - 0
    - 0
    - 0
    - 0
    - 0

