---
source: src/tests.rs
assertion_line: 12
expression: stats(path)
input_file: src/test-data/btfl_002.bbl

---
main: 66640
gnss: 0
slow: 17
event: 5
garbage: 0
remaining_bytes: 0
gyro_adc0_histo:
  neg:
    - 0
    - 0
    - 0
    - 0
    - 0
    - 0
    - 0
    - 0
    - 0
    - 0
    - 0
    - 0
    - 0
    - 0
    - 0
    - 0
    - 0
    - 0
    - 0
    - 0
    - 0
    - 0
    - 0
    - 0
    - 1069
    - 2323
    - 4583
    - 7622
    - 6478
    - 4524
    - 3794
    - 2800
  zero: 3044
  pos:
    - 2235
    - 2694
    - 3185
    - 4099
    - 5929
    - 5909
    - 3191
    - 2147
    - 481
    - 533
    - 0
    - 0
    - 0
    - 0
    - 0
    - 0
    - 0
    - 0
    - 0
    - 0
    - 0
    - 0
    - 0
    - 0
    - 0
    - 0
    - 0
    - 0
    - 0
    - 0
    - 0
    - 0

